main.c:139:5:main	16	static
main.c:231:6:SystemClock_Config	232	static
main.c:286:13:MX_DAC1_Init	48	static
main.c:334:13:MX_SPI1_Init	8	static
main.c:374:13:MX_TIM1_Init	112	static
main.c:454:13:MX_TIM2_Init	40	static
main.c:499:13:MX_USART3_UART_Init	8	static
main.c:534:13:MX_GPIO_Init	48	static
main.c:558:6:HAL_UART_RxCpltCallback	48	static
main.c:598:6:GenerateAD9833Signal	16	static
main.c:631:6:SetSignalType	16	static
main.c:649:6:CalculateFrequency	24	static
main.c:660:6:GeneratePWMSignal	16	static
main.c:667:6:MultiplexerChannelSelect	16	static
main.c:692:8:gaussrand	32	static
main.c:710:6:HAL_TIM_PeriodElapsedCallback	16	static
main.c:731:6:Error_Handler	4	static
