main.c:151:5:main	120	static
main.c:266:6:SystemClock_Config	232	static
main.c:321:13:MX_DAC1_Init	48	static
main.c:369:13:MX_SPI1_Init	8	static
main.c:409:13:MX_TIM1_Init	112	static
main.c:489:13:MX_TIM2_Init	40	static
main.c:534:13:MX_USART3_UART_Init	8	static
main.c:569:13:MX_GPIO_Init	48	static
main.c:593:6:HAL_UART_RxCpltCallback	48	static
main.c:633:6:GenerateAD9833Signal	16	static
main.c:666:6:SetSignalType	16	static
main.c:684:6:CalculateFrequency	24	static
main.c:695:6:GeneratePWMSignal	16	static
main.c:702:6:MultiplexerChannelSelect	16	static
main.c:727:8:gaussrand	32	static
main.c:745:6:HAL_TIM_PeriodElapsedCallback	16	static
main.c:769:6:StartDefaultTask	24	static
main.c:817:6:RTOS_1ms	24	static
main.c:838:6:RTOS_10ms	24	static
main.c:859:6:RTOS_100ms	24	static
main.c:880:6:RTOS_1000ms	24	static
main.c:898:6:Error_Handler	4	static
